// Jest Snapshot v1, https://goo.gl/fbAQLP

exports[`Header component Header Match Snapshot 1`] = `
Array [
  <div
    className="MuiToolbar-root MuiToolbar-gutters MuiToolbar-regular css-16kjkpc-MuiToolbar-root"
  >
    <div
      className="MuiGrid-root MuiGrid-container css-11lq3yg-MuiGrid-root"
    >
      <div
        className="MuiGrid-root MuiGrid-item MuiGrid-grid-xs-12 MuiGrid-grid-md-2 css-12xeub0-MuiGrid-root"
      >
        <h2
          className="MuiTypography-root MuiTypography-h5 MuiTypography-alignLeft MuiTypography-noWrap css-1m4x84m-MuiTypography-root"
          data-testid="header-title"
        >
          Home24
        </h2>
      </div>
      <div
        className="MuiGrid-root MuiGrid-item MuiGrid-grid-xs-12 MuiGrid-grid-md-8 css-9drkqd-MuiGrid-root"
      >
        <div
          className="css-1wrvpbt"
        >
          <div
            className="css-1iz4iln"
          >
            <svg
              aria-hidden={true}
              className="MuiSvgIcon-root MuiSvgIcon-fontSizeMedium css-i4bv87-MuiSvgIcon-root"
              data-testid="SearchIcon"
              focusable="false"
              viewBox="0 0 24 24"
            >
              <path
                d="M15.5 14h-.79l-.28-.27C15.41 12.59 16 11.11 16 9.5 16 5.91 13.09 3 9.5 3S3 5.91 3 9.5 5.91 16 9.5 16c1.61 0 3.09-.59 4.23-1.57l.27.28v.79l5 4.99L20.49 19l-4.99-5zm-6 0C7.01 14 5 11.99 5 9.5S7.01 5 9.5 5 14 7.01 14 9.5 11.99 14 9.5 14z"
              />
            </svg>
          </div>
          <div
            aria-owns={null}
            className="MuiAutocomplete-root css-1qqsdnr-MuiAutocomplete-root"
            onClick={[Function]}
            onKeyDown={[Function]}
            onMouseDown={[Function]}
          >
            <div
              className="MuiFormControl-root MuiFormControl-fullWidth MuiTextField-root css-1y2of3x-MuiFormControl-root-MuiTextField-root"
            >
              <div
                className="MuiInputBase-root MuiOutlinedInput-root MuiInputBase-colorPrimary MuiInputBase-fullWidth MuiInputBase-formControl MuiAutocomplete-inputRoot css-md26zr-MuiInputBase-root-MuiOutlinedInput-root"
                onClick={[Function]}
              >
                <input
                  aria-activedescendant={null}
                  aria-autocomplete="list"
                  aria-expanded={false}
                  aria-invalid={false}
                  autoCapitalize="none"
                  autoComplete="off"
                  autoFocus={false}
                  className="MuiInputBase-input MuiOutlinedInput-input MuiInputBase-inputTypeSearch MuiAutocomplete-input MuiAutocomplete-inputFocused css-1g24dm6-MuiInputBase-input-MuiOutlinedInput-input"
                  disabled={false}
                  id=":r0:"
                  onAnimationStart={[Function]}
                  onBlur={[Function]}
                  onChange={[Function]}
                  onFocus={[Function]}
                  onMouseDown={[Function]}
                  readOnly={false}
                  required={false}
                  role="combobox"
                  spellCheck="false"
                  type="search"
                  value=""
                />
                <fieldset
                  aria-hidden={true}
                  className="MuiOutlinedInput-notchedOutline css-1d3z3hw-MuiOutlinedInput-notchedOutline"
                >
                  <legend
                    className="css-ihdtdm"
                  >
                    <span
                      className="notranslate"
                    >
                      â€‹
                    </span>
                  </legend>
                </fieldset>
              </div>
            </div>
          </div>
        </div>
      </div>
      <div
        className="MuiGrid-root MuiGrid-item MuiGrid-grid-xs-12 MuiGrid-grid-md-2 css-1y1l3sl-MuiGrid-root"
      >
        <div
          className="MuiGrid-root MuiGrid-container css-16g5rpk-MuiGrid-root"
        >
          <button
            aria-label="add to favorites"
            className="MuiButtonBase-root MuiIconButton-root MuiIconButton-sizeMedium css-78trlr-MuiButtonBase-root-MuiIconButton-root"
            disabled={false}
            onBlur={[Function]}
            onContextMenu={[Function]}
            onDragLeave={[Function]}
            onFocus={[Function]}
            onKeyDown={[Function]}
            onKeyUp={[Function]}
            onMouseDown={[Function]}
            onMouseLeave={[Function]}
            onMouseUp={[Function]}
            onTouchEnd={[Function]}
            onTouchMove={[Function]}
            onTouchStart={[Function]}
            tabIndex={0}
            type="button"
          >
            <svg
              aria-hidden={true}
              className="MuiSvgIcon-root MuiSvgIcon-fontSizeMedium css-i4bv87-MuiSvgIcon-root"
              data-testid="FavoriteIcon"
              focusable="false"
              viewBox="0 0 24 24"
            >
              <path
                d="m12 21.35-1.45-1.32C5.4 15.36 2 12.28 2 8.5 2 5.42 4.42 3 7.5 3c1.74 0 3.41.81 4.5 2.09C13.09 3.81 14.76 3 16.5 3 19.58 3 22 5.42 22 8.5c0 3.78-3.4 6.86-8.55 11.54L12 21.35z"
              />
            </svg>
          </button>
          <button
            aria-label="share"
            className="MuiButtonBase-root MuiIconButton-root MuiIconButton-sizeMedium css-78trlr-MuiButtonBase-root-MuiIconButton-root"
            disabled={false}
            onBlur={[Function]}
            onContextMenu={[Function]}
            onDragLeave={[Function]}
            onFocus={[Function]}
            onKeyDown={[Function]}
            onKeyUp={[Function]}
            onMouseDown={[Function]}
            onMouseLeave={[Function]}
            onMouseUp={[Function]}
            onTouchEnd={[Function]}
            onTouchMove={[Function]}
            onTouchStart={[Function]}
            tabIndex={0}
            type="button"
          >
            <svg
              aria-hidden={true}
              className="MuiSvgIcon-root MuiSvgIcon-fontSizeMedium css-i4bv87-MuiSvgIcon-root"
              data-testid="ShoppingCartIcon"
              focusable="false"
              viewBox="0 0 24 24"
            >
              <path
                d="M7 18c-1.1 0-1.99.9-1.99 2S5.9 22 7 22s2-.9 2-2-.9-2-2-2zM1 2v2h2l3.6 7.59-1.35 2.45c-.16.28-.25.61-.25.96 0 1.1.9 2 2 2h12v-2H7.42c-.14 0-.25-.11-.25-.25l.03-.12.9-1.63h7.45c.75 0 1.41-.41 1.75-1.03l3.58-6.49c.08-.14.12-.31.12-.48 0-.55-.45-1-1-1H5.21l-.94-2H1zm16 16c-1.1 0-1.99.9-1.99 2s.89 2 1.99 2 2-.9 2-2-.9-2-2-2z"
              />
            </svg>
          </button>
        </div>
      </div>
    </div>
  </div>,
  <nav
    className="MuiToolbar-root MuiToolbar-gutters MuiToolbar-dense css-14105se-MuiToolbar-root"
  >
    <a
      className="MuiTypography-root MuiTypography-body2 MuiTypography-noWrap MuiLink-root MuiLink-underlineAlways css-1a72jx6-MuiTypography-root-MuiLink-root"
      href="#"
      onBlur={[Function]}
      onFocus={[Function]}
    >
      furniture
    </a>
    <a
      className="MuiTypography-root MuiTypography-body2 MuiTypography-noWrap MuiLink-root MuiLink-underlineAlways css-1a72jx6-MuiTypography-root-MuiLink-root"
      href="#"
      onBlur={[Function]}
      onFocus={[Function]}
    >
      lamps
    </a>
    <a
      className="MuiTypography-root MuiTypography-body2 MuiTypography-noWrap MuiLink-root MuiLink-underlineAlways css-1a72jx6-MuiTypography-root-MuiLink-root"
      href="#"
      onBlur={[Function]}
      onFocus={[Function]}
    >
      accessories
    </a>
    <a
      className="MuiTypography-root MuiTypography-body2 MuiTypography-noWrap MuiLink-root MuiLink-underlineAlways css-1a72jx6-MuiTypography-root-MuiLink-root"
      href="#"
      onBlur={[Function]}
      onFocus={[Function]}
    >
      textiles
    </a>
    <a
      className="MuiTypography-root MuiTypography-body2 MuiTypography-noWrap MuiLink-root MuiLink-underlineAlways css-1a72jx6-MuiTypography-root-MuiLink-root"
      href="#"
      onBlur={[Function]}
      onFocus={[Function]}
    >
      children
    </a>
    <a
      className="MuiTypography-root MuiTypography-body2 MuiTypography-noWrap MuiLink-root MuiLink-underlineAlways css-1a72jx6-MuiTypography-root-MuiLink-root"
      href="#"
      onBlur={[Function]}
      onFocus={[Function]}
    >
      kitchen
    </a>
    <a
      className="MuiTypography-root MuiTypography-body2 MuiTypography-noWrap MuiLink-root MuiLink-underlineAlways css-1a72jx6-MuiTypography-root-MuiLink-root"
      href="#"
      onBlur={[Function]}
      onFocus={[Function]}
    >
      bath
    </a>
    <a
      className="MuiTypography-root MuiTypography-body2 MuiTypography-noWrap MuiLink-root MuiLink-underlineAlways css-1a72jx6-MuiTypography-root-MuiLink-root"
      href="#"
      onBlur={[Function]}
      onFocus={[Function]}
    >
      Garden
    </a>
    <a
      className="MuiTypography-root MuiTypography-body2 MuiTypography-noWrap MuiLink-root MuiLink-underlineAlways css-1a72jx6-MuiTypography-root-MuiLink-root"
      href="#"
      onBlur={[Function]}
      onFocus={[Function]}
    >
      Brands
    </a>
    <a
      className="MuiTypography-root MuiTypography-body2 MuiTypography-noWrap MuiLink-root MuiLink-underlineAlways css-1a72jx6-MuiTypography-root-MuiLink-root"
      href="#"
      onBlur={[Function]}
      onFocus={[Function]}
    >
      Shop the look
    </a>
    <a
      className="MuiTypography-root MuiTypography-body2 MuiTypography-noWrap MuiLink-root MuiLink-underlineAlways css-1a72jx6-MuiTypography-root-MuiLink-root"
      href="#"
      onBlur={[Function]}
      onFocus={[Function]}
    >
      advisory
    </a>
    <a
      className="MuiTypography-root MuiTypography-body2 MuiTypography-noWrap MuiLink-root MuiLink-underlineAlways css-1a72jx6-MuiTypography-root-MuiLink-root"
      href="#"
      onBlur={[Function]}
      onFocus={[Function]}
    >
      stores
    </a>
    <a
      className="MuiTypography-root MuiTypography-body2 MuiTypography-noWrap MuiLink-root MuiLink-underlineAlways css-1a72jx6-MuiTypography-root-MuiLink-root"
      href="#"
      onBlur={[Function]}
      onFocus={[Function]}
    >
      Sale
    </a>
  </nav>,
]
`;
